[INFO] Scanning for projects...
[INFO] 
[INFO] -------------------------< com.spring:JwtDemo >-------------------------
[INFO] Building JwtDemo 0.0.1-SNAPSHOT
[INFO]   from pom.xml
[INFO] --------------------------------[ jar ]---------------------------------
[INFO] 
[INFO] >>> spring-boot:3.5.0:run (default-cli) > test-compile @ JwtDemo >>>
[INFO] 
[INFO] --- resources:3.3.1:resources (default-resources) @ JwtDemo ---
[INFO] Copying 3 resources from src/main/resources to target/classes
[INFO] Copying 0 resource from src/main/resources to target/classes
[INFO] 
[INFO] --- compiler:3.14.0:compile (default-compile) @ JwtDemo ---
[INFO] Nothing to compile - all classes are up to date.
[INFO] 
[INFO] --- resources:3.3.1:testResources (default-testResources) @ JwtDemo ---
[INFO] skip non existing resourceDirectory /Users/mac/Desktop/LuxuryFashion/LuxuryFashion-Backend/src/test/resources
[INFO] 
[INFO] --- compiler:3.14.0:testCompile (default-testCompile) @ JwtDemo ---
[INFO] Recompiling the module because of changed source code.
[INFO] Compiling 2 source files with javac [debug parameters release 17] to target/test-classes
[INFO] 
[INFO] <<< spring-boot:3.5.0:run (default-cli) < test-compile @ JwtDemo <<<
[INFO] 
[INFO] 
[INFO] --- spring-boot:3.5.0:run (default-cli) @ JwtDemo ---
[INFO] Attaching agents: []

  .   ____          _            __ _ _
 /\\ / ___'_ __ _ _(_)_ __  __ _ \ \ \ \
( ( )\___ | '_ | '_| | '_ \/ _` | \ \ \ \
 \\/  ___)| |_)| | | | | || (_| |  ) ) ) )
  '  |____| .__|_| |_|_| |_\__, | / / / /
 =========|_|==============|___/=/_/_/_/

 :: Spring Boot ::                (v3.5.0)

2025-11-30T19:26:36.976+05:30  INFO 90975 --- [FOODORDERING] [           main] com.spring.main.JwtDemoApplication       : Starting JwtDemoApplication using Java 17.0.12 with PID 90975 (/Users/mac/Desktop/LuxuryFashion/LuxuryFashion-Backend/target/classes started by mac in /Users/mac/Desktop/LuxuryFashion/LuxuryFashion-Backend)
2025-11-30T19:26:36.984+05:30  INFO 90975 --- [FOODORDERING] [           main] com.spring.main.JwtDemoApplication       : The following 1 profile is active: "local"
2025-11-30T19:26:37.941+05:30  INFO 90975 --- [FOODORDERING] [           main] .s.d.r.c.RepositoryConfigurationDelegate : Bootstrapping Spring Data JPA repositories in DEFAULT mode.
2025-11-30T19:26:38.018+05:30  INFO 90975 --- [FOODORDERING] [           main] .s.d.r.c.RepositoryConfigurationDelegate : Finished Spring Data repository scanning in 69 ms. Found 9 JPA repository interfaces.
2025-11-30T19:26:39.374+05:30  INFO 90975 --- [FOODORDERING] [           main] o.s.b.w.embedded.tomcat.TomcatWebServer  : Tomcat initialized with port 8081 (http)
2025-11-30T19:26:39.485+05:30  INFO 90975 --- [FOODORDERING] [           main] o.apache.catalina.core.StandardService   : Starting service [Tomcat]
2025-11-30T19:26:39.486+05:30  INFO 90975 --- [FOODORDERING] [           main] o.apache.catalina.core.StandardEngine    : Starting Servlet engine: [Apache Tomcat/10.1.41]
2025-11-30T19:26:39.619+05:30  INFO 90975 --- [FOODORDERING] [           main] o.a.c.c.C.[Tomcat].[localhost].[/]       : Initializing Spring embedded WebApplicationContext
2025-11-30T19:26:39.624+05:30  INFO 90975 --- [FOODORDERING] [           main] w.s.c.ServletWebServerApplicationContext : Root WebApplicationContext: initialization completed in 2480 ms
2025-11-30T19:26:40.769+05:30  INFO 90975 --- [FOODORDERING] [           main] o.hibernate.jpa.internal.util.LogHelper  : HHH000204: Processing PersistenceUnitInfo [name: default]
2025-11-30T19:26:40.915+05:30  INFO 90975 --- [FOODORDERING] [           main] org.hibernate.Version                    : HHH000412: Hibernate ORM core version 6.6.15.Final
2025-11-30T19:26:41.801+05:30  INFO 90975 --- [FOODORDERING] [           main] o.h.c.internal.RegionFactoryInitiator    : HHH000026: Second-level cache disabled
2025-11-30T19:26:42.389+05:30  INFO 90975 --- [FOODORDERING] [           main] o.s.o.j.p.SpringPersistenceUnitInfo      : No LoadTimeWeaver setup: ignoring JPA class transformer
2025-11-30T19:26:42.459+05:30  INFO 90975 --- [FOODORDERING] [           main] com.zaxxer.hikari.HikariDataSource       : HikariPool-1 - Starting...
2025-11-30T19:26:42.664+05:30  INFO 90975 --- [FOODORDERING] [           main] com.zaxxer.hikari.pool.HikariPool        : HikariPool-1 - Added connection conn0: url=jdbc:h2:mem:testdb user=SA
2025-11-30T19:26:42.666+05:30  INFO 90975 --- [FOODORDERING] [           main] com.zaxxer.hikari.HikariDataSource       : HikariPool-1 - Start completed.
2025-11-30T19:26:42.700+05:30  WARN 90975 --- [FOODORDERING] [           main] org.hibernate.orm.deprecation            : HHH90000025: H2Dialect does not need to be specified explicitly using 'hibernate.dialect' (remove the property setting and it will be selected by default)
2025-11-30T19:26:43.378+05:30  INFO 90975 --- [FOODORDERING] [           main] org.hibernate.orm.connections.pooling    : HHH10001005: Database info:
	Database JDBC URL [Connecting through datasource 'HikariDataSource (HikariPool-1)']
	Database driver: undefined/unknown
	Database version: 2.3.232
	Autocommit mode: undefined/unknown
	Isolation level: undefined/unknown
	Minimum pool size: undefined/unknown
	Maximum pool size: undefined/unknown
2025-11-30T19:26:45.071+05:30  INFO 90975 --- [FOODORDERING] [           main] o.h.e.t.j.p.i.JtaPlatformInitiator       : HHH000489: No JTA platform available (set 'hibernate.transaction.jta.platform' to enable JTA platform integration)
Hibernate: 
    drop table if exists addresses cascade 
Hibernate: 
    drop table if exists cart_items cascade 
Hibernate: 
    drop table if exists carts cascade 
Hibernate: 
    drop table if exists coupons cascade 
Hibernate: 
    drop table if exists gallery cascade 
Hibernate: 
    drop table if exists order_items cascade 
Hibernate: 
    drop table if exists orders cascade 
Hibernate: 
    drop table if exists product cascade 
Hibernate: 
    drop table if exists product_imagenames cascade 
Hibernate: 
    drop table if exists product_reserved_sizes cascade 
Hibernate: 
    drop table if exists product_sizes cascade 
Hibernate: 
    drop table if exists users cascade 
Hibernate: 
    create table addresses (
        id bigint generated by default as identity,
        user_id bigint,
        zip_code varchar(10) not null,
        phone_number varchar(15),
        city varchar(255) not null,
        country varchar(255) not null,
        state varchar(255) not null,
        street varchar(255) not null,
        primary key (id)
    )
Hibernate: 
    create table cart_items (
        price float(53) not null,
        product_id integer,
        quantity integer not null,
        cart_id bigint,
        id bigint generated by default as identity,
        size varchar(20),
        primary key (id)
    )
Hibernate: 
    create table carts (
        id bigint generated by default as identity,
        user_id bigint unique,
        primary key (id)
    )
Hibernate: 
    create table coupons (
        discount_value float(53) not null,
        is_active boolean,
        max_discount_amount float(53),
        min_order_amount float(53),
        usage_limit integer,
        used_count integer,
        created_at timestamp(6),
        id bigint generated by default as identity,
        valid_from timestamp(6) not null,
        valid_to timestamp(6) not null,
        code varchar(50) not null unique,
        description varchar(500),
        discount_type enum ('FIXED','PERCENTAGE') not null,
        primary key (id)
    )
Hibernate: 
    create table gallery (
        active boolean not null,
        gallery_id bigint generated by default as identity,
        image_url varchar(5000),
        title varchar(255),
        primary key (gallery_id)
    )
Hibernate: 
    create table order_items (
        price float(53) not null,
        product_id integer,
        quantity integer not null,
        id bigint generated by default as identity,
        order_id bigint,
        size varchar(20),
        primary key (id)
    )
Hibernate: 
    create table orders (
        discount_amount float(53),
        subtotal float(53),
        total_price float(53) not null,
        id bigint generated by default as identity,
        order_date timestamp(6) not null,
        paid_at timestamp(6),
        user_id bigint,
        coupon_code varchar(50),
        payment_method varchar(50),
        payment_status enum ('CAPTURED','FAILED','PARTIALLY_REFUNDED','PENDING','REFUNDED'),
        status enum ('CANCELLED','CONFIRMED','DELIVERED','PENDING','SHIPPED'),
        primary key (id)
    )
Hibernate: 
    create table product (
        prod_id integer generated by default as identity,
        prod_price integer not null,
        prod_quantity integer not null,
        rating float(53),
        selling_price integer not null,
        created_at varchar(50),
        prod_gender varchar(50),
        prod_status varchar(50),
        updated_at varchar(50),
        badge varchar(100),
        prod_brand varchar(100),
        prod_category varchar(100),
        prod_tag varchar(100),
        prod_description varchar(2000),
        prod_name varchar(255),
        primary key (prod_id)
    )
Hibernate: 
    create table product_imagenames (
        product_prod_id integer not null,
        imagenames varchar(255)
    )
Hibernate: 
    create table product_reserved_sizes (
        prod_id integer not null,
        reserved_quantity integer,
        size varchar(20) not null,
        primary key (prod_id, size)
    )
Hibernate: 
    create table product_sizes (
        prod_id integer not null,
        quantity integer,
        size varchar(20) not null,
        primary key (prod_id, size)
    )
Hibernate: 
    create table users (
        active boolean not null,
        created_at timestamp(6),
        dob timestamp(6),
        id bigint generated by default as identity,
        gender varchar(10),
        phone_number varchar(15),
        username varchar(100) not null,
        email_id varchar(150) not null unique,
        password varchar(255) not null,
        profile_picture varchar(255),
        role enum ('ADMIN','USER') not null,
        primary key (id)
    )
Hibernate: 
    alter table if exists product_imagenames 
       add constraint FKndi3vu1tmjukaojl3kdcrdvle 
       foreign key (product_prod_id) 
       references product
Hibernate: 
    alter table if exists product_reserved_sizes 
       add constraint FKpyewvmjjedl58w1nb4vp42cws 
       foreign key (prod_id) 
       references product
Hibernate: 
    alter table if exists product_sizes 
       add constraint FKo42x2dq14i726kn0uerc2schw 
       foreign key (prod_id) 
       references product
2025-11-30T19:26:45.135+05:30  INFO 90975 --- [FOODORDERING] [           main] j.LocalContainerEntityManagerFactoryBean : Initialized JPA EntityManagerFactory for persistence unit 'default'
2025-11-30T19:26:45.561+05:30  INFO 90975 --- [FOODORDERING] [           main] o.s.d.j.r.query.QueryEnhancerFactory     : Hibernate is in classpath; If applicable, HQL parser will be used.
Google Cloud Storage initialized successfully for bucket: productpotos
2025-11-30T19:26:47.558+05:30  INFO 90975 --- [FOODORDERING] [           main] eAuthenticationProviderManagerConfigurer : Global AuthenticationManager configured with AuthenticationProvider bean with name authenticationProvider
2025-11-30T19:26:47.558+05:30  WARN 90975 --- [FOODORDERING] [           main] r$InitializeUserDetailsManagerConfigurer : Global AuthenticationManager configured with an AuthenticationProvider bean. UserDetailsService beans will not be used by Spring Security for automatically configuring username/password login. Consider removing the AuthenticationProvider bean. Alternatively, consider using the UserDetailsService in a manually instantiated DaoAuthenticationProvider. If the current configuration is intentional, to turn off this warning, increase the logging level of 'org.springframework.security.config.annotation.authentication.configuration.InitializeUserDetailsBeanManagerConfigurer' to ERROR
=== CORS Configuration ===
Frontend URL: http://localhost:5173
Allowed Origins: [http://localhost:5173]
Allow Credentials: true
==========================
2025-11-30T19:26:48.079+05:30  WARN 90975 --- [FOODORDERING] [           main] ion$DefaultTemplateResolverConfiguration : Cannot find template location: classpath:/templates/ (please add some templates, check your Thymeleaf configuration, or set spring.thymeleaf.check-template-location=false)
2025-11-30T19:26:48.148+05:30  INFO 90975 --- [FOODORDERING] [           main] o.s.b.a.h2.H2ConsoleAutoConfiguration    : H2 console available at '/h2-console'. Database available at 'jdbc:h2:mem:testdb'
2025-11-30T19:26:48.274+05:30  INFO 90975 --- [FOODORDERING] [           main] o.s.b.w.embedded.tomcat.TomcatWebServer  : Tomcat started on port 8081 (http) with context path '/'
2025-11-30T19:26:48.298+05:30  INFO 90975 --- [FOODORDERING] [           main] com.spring.main.JwtDemoApplication       : Started JwtDemoApplication in 12.11 seconds (process running for 13.555)
2025-11-30T19:29:33.016+05:30  INFO 90975 --- [FOODORDERING] [0.0-8081-exec-1] o.a.c.c.C.[Tomcat].[localhost].[/]       : Initializing Spring DispatcherServlet 'dispatcherServlet'
2025-11-30T19:29:33.020+05:30  INFO 90975 --- [FOODORDERING] [0.0-8081-exec-1] o.s.web.servlet.DispatcherServlet        : Initializing Servlet 'dispatcherServlet'
2025-11-30T19:29:33.031+05:30  INFO 90975 --- [FOODORDERING] [0.0-8081-exec-1] o.s.web.servlet.DispatcherServlet        : Completed initialization in 10 ms
Request path: /actuator/health
JWT token missing
2025-11-30T20:43:12.319+05:30  WARN 90975 --- [FOODORDERING] [l-1:housekeeper] com.zaxxer.hikari.pool.HikariPool        : HikariPool-1 - Thread starvation or clock leap detected (housekeeper delta=2m50s915ms).
2025-11-30T22:12:14.553+05:30  WARN 90975 --- [FOODORDERING] [l-1:housekeeper] com.zaxxer.hikari.pool.HikariPool        : HikariPool-1 - Thread starvation or clock leap detected (housekeeper delta=44m1s377ms).
2025-11-30T23:13:17.225+05:30  WARN 90975 --- [FOODORDERING] [l-1:housekeeper] com.zaxxer.hikari.pool.HikariPool        : HikariPool-1 - Thread starvation or clock leap detected (housekeeper delta=1h1m2s533ms).
2025-11-30T23:22:08.871+05:30  WARN 90975 --- [FOODORDERING] [l-1:housekeeper] com.zaxxer.hikari.pool.HikariPool        : HikariPool-1 - Thread starvation or clock leap detected (housekeeper delta=1m51s22ms).
2025-11-30T23:32:12.278+05:30  WARN 90975 --- [FOODORDERING] [l-1:housekeeper] com.zaxxer.hikari.pool.HikariPool        : HikariPool-1 - Thread starvation or clock leap detected (housekeeper delta=1m3s238ms).
2025-12-01T01:05:55.348+05:30  INFO 90975 --- [FOODORDERING] [ionShutdownHook] o.s.b.w.e.tomcat.GracefulShutdown        : Commencing graceful shutdown. Waiting for active requests to complete
2025-12-01T01:05:55.529+05:30  INFO 90975 --- [FOODORDERING] [tomcat-shutdown] o.s.b.w.e.tomcat.GracefulShutdown        : Graceful shutdown complete
2025-12-01T01:05:55.639+05:30  INFO 90975 --- [FOODORDERING] [ionShutdownHook] j.LocalContainerEntityManagerFactoryBean : Closing JPA EntityManagerFactory for persistence unit 'default'
Hibernate: 
    drop table if exists addresses cascade 
Hibernate: 
    drop table if exists cart_items cascade 
Hibernate: 
    drop table if exists carts cascade 
Hibernate: 
    drop table if exists coupons cascade 
Hibernate: 
    drop table if exists gallery cascade 
Hibernate: 
    drop table if exists order_items cascade 
Hibernate: 
    drop table if exists orders cascade 
Hibernate: 
    drop table if exists product cascade 
Hibernate: 
    drop table if exists product_imagenames cascade 
Hibernate: 
    drop table if exists product_reserved_sizes cascade 
Hibernate: 
    drop table if exists product_sizes cascade 
Hibernate: 
    drop table if exists users cascade 
2025-12-01T01:05:55.912+05:30  INFO 90975 --- [FOODORDERING] [ionShutdownHook] com.zaxxer.hikari.HikariDataSource       : HikariPool-1 - Shutdown initiated...
2025-12-01T01:05:55.948+05:30  INFO 90975 --- [FOODORDERING] [ionShutdownHook] com.zaxxer.hikari.HikariDataSource       : HikariPool-1 - Shutdown completed.
